../TFLite/tensorflow/lite/micro/kernels/strided_slice.cc:120:7:void* tflite::ops::micro::strided_slice::Init(TfLiteContext*, const char*, size_t)	8	static
../TFLite/tensorflow/lite/micro/kernels/strided_slice.cc:61:28:tflite::StridedSliceParams tflite::ops::micro::strided_slice::BuildStridedSliceParams(StridedSliceContext*)	12	static
../TFLite/tensorflow/lite/micro/kernels/strided_slice.cc:85:14:TfLiteStatus tflite::ops::micro::strided_slice::CheckOutputSize(TfLiteContext*, StridedSliceContext*)	200	static
../TFLite/tensorflow/lite/micro/kernels/strided_slice.cc:125:14:TfLiteStatus tflite::ops::micro::strided_slice::Prepare(TfLiteContext*, TfLiteNode*)	168	static
../TFLite/tensorflow/lite/micro/kernels/strided_slice.cc:179:20:TfLiteRegistration tflite::ops::micro::Register_STRIDED_SLICE()	8	static
../TFLite/tensorflow/lite/kernels/internal/reference/strided_slice.h:27:13:void tflite::reference_ops::StridedSlice(const tflite::StridedSliceParams&, const tflite::RuntimeShape&, const T*, const tflite::RuntimeShape&, T*) [with T = float]	304	static
../TFLite/tensorflow/lite/kernels/internal/reference/strided_slice.h:27:13:void tflite::reference_ops::StridedSlice(const tflite::StridedSliceParams&, const tflite::RuntimeShape&, const T*, const tflite::RuntimeShape&, T*) [with T = unsigned char]	272	static
../TFLite/tensorflow/lite/kernels/internal/reference/strided_slice.h:27:13:void tflite::reference_ops::StridedSlice(const tflite::StridedSliceParams&, const tflite::RuntimeShape&, const T*, const tflite::RuntimeShape&, T*) [with T = signed char]	272	static
../TFLite/tensorflow/lite/micro/kernels/strided_slice.cc:139:14:TfLiteStatus tflite::ops::micro::strided_slice::Eval(TfLiteContext*, TfLiteNode*)	128	static
